// Jest Snapshot v1, https://goo.gl/fbAQLP

exports[`Should render a players team info on the screen 1`] = `
<div>
  <h2>
    Loading...
  </h2>
</div>
`;
