// Jest Snapshot v1, https://goo.gl/fbAQLP

exports[`Should render a list of players to the screen 1`] = `<div />`;
